******************************************************************************
                  TI ARM Linker Unix v18.12.3                  
******************************************************************************
>> Linked Sat Dec 28 09:47:33 2019

OUTPUT FILE NAME:   <microProject02.out>
ENTRY POINT SYMBOL: "_c_int00_noargs"  address: 000015d1


MEMORY CONFIGURATION

         name            origin    length      used     unused   attr    fill
----------------------  --------  ---------  --------  --------  ----  --------
  FLASH                 00000000   00040000  0000185a  0003e7a6  R  X
  SRAM                  20000000   00008000  00000228  00007dd8  RW X


SEGMENT ALLOCATION MAP

run origin  load origin   length   init length attrs members
----------  ----------- ---------- ----------- ----- -------
00000000    00000000    00001860   00001860    r-x
  00000000    00000000    0000026c   0000026c    r-- .intvecs
  0000026c    0000026c    000014a8   000014a8    r-x .text
  00001714    00001714    0000010e   0000010e    r-- .const
  00001828    00001828    00000038   00000038    r-- .cinit
20000000    20000000    00000228   00000000    rw-
  20000000    20000000    00000200   00000000    rw- .stack
  20000200    20000200    0000001c   00000000    rw- .bss
  2000021c    2000021c    0000000c   00000000    rw- .data


SECTION ALLOCATION MAP

 output                                  attributes/
section   page    origin      length       input sections
--------  ----  ----------  ----------   ----------------
.intvecs   0    00000000    0000026c     
                  00000000    0000026c     tm4c123gh6pm_startup_ccs.obj (.intvecs)

.text      0    0000026c    000014a8     
                  0000026c    00000964     nrf24l01.obj (.text)
                  00000bd0    000004c0     main.obj (.text)
                  00001090    00000130     driverlib.lib : gpio.obj (.text:GPIOPadConfigSet)
                  000011c0    00000118                   : sysctl.obj (.text:SysCtlClockGet)
                  000012d8    000000f0                   : sysctl.obj (.text:SysCtlClockSet)
                  000013c8    0000009c     rtsv7M4_T_le_v4SPD16_eabi.lib : memcpy_t2.asm.obj (.text)
                  00001464    00000068                                   : copy_decompress_lzss.c.obj (.text:decompress:lzss:__TI_decompress_lzss)
                  000014cc    00000048     driverlib.lib : gpio.obj (.text:GPIOPinConfigure)
                  00001514    00000044     rtsv7M4_T_le_v4SPD16_eabi.lib : autoinit.c.obj (.text:__TI_auto_init_nobinit_nopinit:__TI_auto_init_nobinit_nopinit)
                  00001558    00000042     driverlib.lib : ssi.obj (.text:SSIConfigSetExpClk)
                  0000159a    00000002     --HOLE-- [fill = 0]
                  0000159c    00000034                   : sysctl.obj (.text:SysCtlPeripheralEnable)
                  000015d0    00000034     rtsv7M4_T_le_v4SPD16_eabi.lib : boot_cortex_m.c.obj (.text:_c_int00_noargs:_c_int00_noargs)
                  00001604    0000002a     driverlib.lib : gpio.obj (.text:GPIODirModeSet)
                  0000162e    0000001c     rtsv7M4_T_le_v4SPD16_eabi.lib : copy_zero_init.c.obj (.text:decompress:ZI:__TI_zero_init_nomemset:__TI_zero_init_nomemset)
                  0000164a    00000018     driverlib.lib : gpio.obj (.text:GPIOPinTypeGPIOOutput)
                  00001662    00000012                   : gpio.obj (.text:GPIOPinTypeSSI)
                  00001674    00000012                   : ssi.obj (.text:SSIDataGetNonBlocking)
                  00001686    00000002     --HOLE-- [fill = 0]
                  00001688    00000010                   : fpu.obj (.text:FPUEnable)
                  00001698    00000010                   : fpu.obj (.text:FPULazyStackingEnable)
                  000016a8    0000000e     rtsv7M4_T_le_v4SPD16_eabi.lib : copy_decompress_none.c.obj (.text:decompress:none:__TI_decompress_none)
                  000016b6    0000000c     driverlib.lib : cpu.obj (.text:CPUcpsie)
                  000016c2    0000000c                   : ssi.obj (.text:SSIDataGet)
                  000016ce    0000000c     tm4c123gh6pm_startup_ccs.obj (.text)
                  000016da    0000000a     driverlib.lib : interrupt.obj (.text:IntMasterEnable)
                  000016e4    0000000a                   : ssi.obj (.text:SSIDataPut)
                  000016ee    0000000a                   : ssi.obj (.text:SSIEnable)
                  000016f8    00000008                   : ssi.obj (.text:SSIBusy)
                  00001700    00000006                   : gpio.obj (.text:GPIOPinWrite)
                  00001706    00000006                   : sysctl.obj (.text:SysCtlDelay)
                  0000170c    00000004     rtsv7M4_T_le_v4SPD16_eabi.lib : pre_init.c.obj (.text:_system_pre_init)
                  00001710    00000004                                   : exit.c.obj (.text:abort:abort)

.const     0    00001714    0000010e     
                  00001714    00000090     driverlib.lib : gpio.obj (.const:g_pui32GPIOBaseAddrs)
                  000017a4    0000006c                   : sysctl.obj (.const:g_pui32Xtals)
                  00001810    00000006     nrf24l01.obj (.const:.string:child_payload_size)
                  00001816    00000006     nrf24l01.obj (.const:.string:child_pipe)
                  0000181c    00000006     nrf24l01.obj (.const:.string:child_pipe_enable)

.cinit     0    00001828    00000038     
                  00001828    0000000e     (.cinit..data.load) [load image, compression = lzss]
                  00001836    00000002     --HOLE-- [fill = 0]
                  00001838    0000000c     (__TI_handler_table)
                  00001844    00000004     --HOLE-- [fill = 0]
                  00001848    00000008     (.cinit..bss.load) [load image, compression = zero_init]
                  00001850    00000010     (__TI_cinit_table)

.init_array 
*          0    00000000    00000000     UNINITIALIZED

.bss       0    20000200    0000001c     UNINITIALIZED
                  20000200    0000001c     (.common:nrf)

.data      0    2000021c    0000000c     UNINITIALIZED
                  2000021c    0000000c     main.obj (.data:addresses)

.stack     0    20000000    00000200     UNINITIALIZED
                  20000000    00000004     rtsv7M4_T_le_v4SPD16_eabi.lib : boot_cortex_m.c.obj (.stack)
                  20000004    000001fc     --HOLE--

MODULE SUMMARY

       Module                         code   ro data   rw data
       ------                         ----   -------   -------
    ./
       nrf24l01.obj                   2404   18        0      
       main.obj                       1216   0         40     
       tm4c123gh6pm_startup_ccs.obj   12     620       0      
    +--+------------------------------+------+---------+---------+
       Total:                         3632   638       40     
                                                              
    /Applications/ti/ccs920/ccs/tools/compiler/ti-cgt-arm_18.12.3.LTS/lib/rtsv7M4_T_le_v4SPD16_eabi.lib
       memcpy_t2.asm.obj              156    0         0      
       copy_decompress_lzss.c.obj     104    0         0      
       autoinit.c.obj                 68     0         0      
       boot_cortex_m.c.obj            52     0         0      
       copy_zero_init.c.obj           28     0         0      
       copy_decompress_none.c.obj     14     0         0      
       exit.c.obj                     4      0         0      
       pre_init.c.obj                 4      0         0      
    +--+------------------------------+------+---------+---------+
       Total:                         430    0         0      
                                                              
    /Users/hossam/Desktop/tiva-c-master/driverlib/ccs/Debug/driverlib.lib
       sysctl.obj                     578    108       0      
       gpio.obj                       466    144       0      
       ssi.obj                        124    0         0      
       fpu.obj                        32     0         0      
       cpu.obj                        12     0         0      
       interrupt.obj                  10     0         0      
    +--+------------------------------+------+---------+---------+
       Total:                         1222   252       0      
                                                              
       Stack:                         0      0         512    
       Linker Generated:              0      50        0      
    +--+------------------------------+------+---------+---------+
       Grand Total:                   5284   940       552    


LINKER GENERATED COPY TABLES

__TI_cinit_table @ 00001850 records: 2, size/record: 8, table size: 16
	.data: load addr=00001828, load size=0000000e bytes, run addr=2000021c, run size=0000000c bytes, compression=lzss
	.bss: load addr=00001848, load size=00000008 bytes, run addr=20000200, run size=0000001c bytes, compression=zero_init


LINKER GENERATED HANDLER TABLE

__TI_handler_table @ 00001838 records: 3, size/record: 4, table size: 12
	index: 0, handler: __TI_decompress_lzss
	index: 1, handler: __TI_decompress_none
	index: 2, handler: __TI_zero_init


GLOBAL SYMBOLS: SORTED ALPHABETICALLY BY Name 

address   name                          
-------   ----                          
00001711  C$$EXIT                       
000016b7  CPUcpsie                      
00001689  FPUEnable                     
00001699  FPULazyStackingEnable         
00001605  GPIODirModeSet                
00001091  GPIOPadConfigSet              
000014cd  GPIOPinConfigure              
0000164b  GPIOPinTypeGPIOOutput         
00001663  GPIOPinTypeSSI                
00001701  GPIOPinWrite                  
000016db  IntMasterEnable               
00000cef  LCDSetup                      
000016cf  ResetISR                      
000016f9  SSIBusy                       
00001559  SSIConfigSetExpClk            
000016c3  SSIDataGet                    
00001675  SSIDataGetNonBlocking         
000016e5  SSIDataPut                    
000016ef  SSIEnable                     
000011c1  SysCtlClockGet                
000012d9  SysCtlClockSet                
00001707  SysCtlDelay                   
0000159d  SysCtlPeripheralEnable        
00000ed3  UARTGetBW                     
00000ee7  UARTSendBW                    
20000200  __STACK_END                   
00000200  __STACK_SIZE                  
20000200  __STACK_TOP                   
00001850  __TI_CINIT_Base               
00001860  __TI_CINIT_Limit              
00001838  __TI_Handler_Table_Base       
00001844  __TI_Handler_Table_Limit      
00001515  __TI_auto_init_nobinit_nopinit
00001465  __TI_decompress_lzss          
000016a9  __TI_decompress_none          
ffffffff  __TI_pprof_out_hndl           
ffffffff  __TI_prof_data_size           
ffffffff  __TI_prof_data_start          
00000000  __TI_static_base__            
0000162f  __TI_zero_init_nomemset       
000013c9  __aeabi_memcpy                
000013c9  __aeabi_memcpy4               
000013c9  __aeabi_memcpy8               
ffffffff  __binit__                     
ffffffff  __c_args__                    
UNDEFED   __mpu_init                    
20000000  __stack                       
000015d1  _c_int00_noargs               
UNDEFED   _system_post_cinit            
0000170d  _system_pre_init              
00001711  abort                         
2000021c  addresses                     
ffffffff  binit                         
00000c35  delay                         
00000be1  delayMs                       
00000bd1  delayTimer                    
00000c0d  delayUs                       
00000000  g_pfnVectors                  
00000ddb  keypadSetup                   
00000cc7  leftSwitchPressed             
00000f91  main                          
000013c9  memcpy                        
20000200  nrf                           
00000a1f  nrf24l01p_available           
0000026d  nrf24l01p_begin_transaction   
0000050f  nrf24l01p_ce                  
00000919  nrf24l01p_close_reading_pipe  
00000289  nrf24l01p_end_transaction     
000002b1  nrf24l01p_flush_rx            
000002e3  nrf24l01p_flush_tx            
0000053f  nrf24l01p_get_status          
0000088d  nrf24l01p_open_reading_pipe   
00000841  nrf24l01p_open_writing_pipe   
000004d9  nrf24l01p_power_up            
000007c5  nrf24l01p_read                
00000417  nrf24l01p_read_payload        
00000767  nrf24l01p_read_register       
00000a37  nrf24l01p_set_PA_level        
00000abb  nrf24l01p_set_channel         
00000b0f  nrf24l01p_set_data_rate       
00000a8f  nrf24l01p_set_retries         
00000551  nrf24l01p_setup               
000003e3  nrf24l01p_start_fast_write    
00000945  nrf24l01p_start_listening     
000009a9  nrf24l01p_stop_listening      
00000b9b  nrf24l01p_toggle_features     
000007f1  nrf24l01p_write               
000006fd  nrf24l01p_write_buffer        
00000315  nrf24l01p_write_payload       
000006a9  nrf24l01p_write_register      
00000d2f  onBoardLedsSetup              
00000cdb  rightSwitchPressed            
00000f0d  running                       
00000e2f  setPortBGPIO                  
00000e6d  setUART                       
00000d8d  startTimer                    
00000c85  switchSetup                   
00000da9  timerSetup                    


GLOBAL SYMBOLS: SORTED BY Symbol Address 

address   name                          
-------   ----                          
00000000  __TI_static_base__            
00000000  g_pfnVectors                  
00000200  __STACK_SIZE                  
0000026d  nrf24l01p_begin_transaction   
00000289  nrf24l01p_end_transaction     
000002b1  nrf24l01p_flush_rx            
000002e3  nrf24l01p_flush_tx            
00000315  nrf24l01p_write_payload       
000003e3  nrf24l01p_start_fast_write    
00000417  nrf24l01p_read_payload        
000004d9  nrf24l01p_power_up            
0000050f  nrf24l01p_ce                  
0000053f  nrf24l01p_get_status          
00000551  nrf24l01p_setup               
000006a9  nrf24l01p_write_register      
000006fd  nrf24l01p_write_buffer        
00000767  nrf24l01p_read_register       
000007c5  nrf24l01p_read                
000007f1  nrf24l01p_write               
00000841  nrf24l01p_open_writing_pipe   
0000088d  nrf24l01p_open_reading_pipe   
00000919  nrf24l01p_close_reading_pipe  
00000945  nrf24l01p_start_listening     
000009a9  nrf24l01p_stop_listening      
00000a1f  nrf24l01p_available           
00000a37  nrf24l01p_set_PA_level        
00000a8f  nrf24l01p_set_retries         
00000abb  nrf24l01p_set_channel         
00000b0f  nrf24l01p_set_data_rate       
00000b9b  nrf24l01p_toggle_features     
00000bd1  delayTimer                    
00000be1  delayMs                       
00000c0d  delayUs                       
00000c35  delay                         
00000c85  switchSetup                   
00000cc7  leftSwitchPressed             
00000cdb  rightSwitchPressed            
00000cef  LCDSetup                      
00000d2f  onBoardLedsSetup              
00000d8d  startTimer                    
00000da9  timerSetup                    
00000ddb  keypadSetup                   
00000e2f  setPortBGPIO                  
00000e6d  setUART                       
00000ed3  UARTGetBW                     
00000ee7  UARTSendBW                    
00000f0d  running                       
00000f91  main                          
00001091  GPIOPadConfigSet              
000011c1  SysCtlClockGet                
000012d9  SysCtlClockSet                
000013c9  __aeabi_memcpy                
000013c9  __aeabi_memcpy4               
000013c9  __aeabi_memcpy8               
000013c9  memcpy                        
00001465  __TI_decompress_lzss          
000014cd  GPIOPinConfigure              
00001515  __TI_auto_init_nobinit_nopinit
00001559  SSIConfigSetExpClk            
0000159d  SysCtlPeripheralEnable        
000015d1  _c_int00_noargs               
00001605  GPIODirModeSet                
0000162f  __TI_zero_init_nomemset       
0000164b  GPIOPinTypeGPIOOutput         
00001663  GPIOPinTypeSSI                
00001675  SSIDataGetNonBlocking         
00001689  FPUEnable                     
00001699  FPULazyStackingEnable         
000016a9  __TI_decompress_none          
000016b7  CPUcpsie                      
000016c3  SSIDataGet                    
000016cf  ResetISR                      
000016db  IntMasterEnable               
000016e5  SSIDataPut                    
000016ef  SSIEnable                     
000016f9  SSIBusy                       
00001701  GPIOPinWrite                  
00001707  SysCtlDelay                   
0000170d  _system_pre_init              
00001711  C$$EXIT                       
00001711  abort                         
00001838  __TI_Handler_Table_Base       
00001844  __TI_Handler_Table_Limit      
00001850  __TI_CINIT_Base               
00001860  __TI_CINIT_Limit              
20000000  __stack                       
20000200  __STACK_END                   
20000200  __STACK_TOP                   
20000200  nrf                           
2000021c  addresses                     
ffffffff  __TI_pprof_out_hndl           
ffffffff  __TI_prof_data_size           
ffffffff  __TI_prof_data_start          
ffffffff  __binit__                     
ffffffff  __c_args__                    
ffffffff  binit                         
UNDEFED   __mpu_init                    
UNDEFED   _system_post_cinit            

[98 symbols]
